// Jest Snapshot v1, https://goo.gl/fbAQLP

exports[`should render Header correctly 1`] = `
<header
  className="header"
>
  <div
    className="content-container"
  >
    <div
      className="header__content"
    >
      <Link
        className="header__title"
        replace={false}
        to="/dashboard"
      >
        <img
          alt="shrewdent"
          height="50px"
          src="/images/shrewdent.svg"
          width="auto"
        />
        <h1>
          Shrewdent
        </h1>
      </Link>
      <button
        className="button button--link"
        onClick={[MockFunction]}
      >
        Logout
      </button>
    </div>
  </div>
</header>
`;
